
> runcoach@0.1.0 build
> vite build

[36mvite v5.4.21 [32mbuilding for production...[36m[39m
transforming...
[32m✓[39m 3550 modules transformed.

PWA v0.19.8
mode      generateSW
precache  4 entries (1081.64 KiB)
files generated
  dist/sw.js
  dist/workbox-1ef09536.js
[31mx[39m Build failed in 6.02s
[31merror during build:
[31m[vite-plugin-pwa:build] There was an error during the build:
  src/services/summaryService.js (1:9): "fetchWithRetry" is not exported by "src/services/aiService.js", imported by "src/services/summaryService.js".
Additionally, handling the error in the 'buildEnd' hook caused the following error:
  src/services/summaryService.js (1:9): "fetchWithRetry" is not exported by "src/services/aiService.js", imported by "src/services/summaryService.js".[31m
file: [36mC:/Users/Oyvin/Documents/GitHub/smart-training-planner/src/services/summaryService.js:1:9[31m
[33m
1: import { fetchWithRetry } from './aiService'
            ^
2: 
3: const CACHE_KEY_PREFIX = 'daily_summary_'
[31m
    at getRollupError (file:///C:/Users/Oyvin/Documents/GitHub/smart-training-planner/node_modules/rollup/dist/es/shared/parseAst.js:401:41)
    at file:///C:/Users/Oyvin/Documents/GitHub/smart-training-planner/node_modules/rollup/dist/es/shared/node-entry.js:23463:39
    at async catchUnfinishedHookActions (file:///C:/Users/Oyvin/Documents/GitHub/smart-training-planner/node_modules/rollup/dist/es/shared/node-entry.js:22921:16)
    at async rollupInternal (file:///C:/Users/Oyvin/Documents/GitHub/smart-training-planner/node_modules/rollup/dist/es/shared/node-entry.js:23446:5)
    at async build (file:///C:/Users/Oyvin/Documents/GitHub/smart-training-planner/node_modules/vite/dist/node/chunks/dep-BK3b2jBa.js:65709:14)
    at async CAC.<anonymous> (file:///C:/Users/Oyvin/Documents/GitHub/smart-training-planner/node_modules/vite/dist/node/cli.js:829:5)[39m
