node.exe : [33mwarni
ngs
At line:1 char:1
+ & "C:\Program Files
\nodejs/node.exe" "C:
\Users\Oyvin\AppData\
Roaming\ ...
+ ~~~~~~~~~~~~~~~~~~~
~~~~~~~~~~~~~~~~~~~~~
~~~~~~~~~~~~~~~~~~~~~
~~~~~~~~
    + CategoryInfo   
           : NotSpe  
  cified: ([33mwa   
 rnings:String) [    
], RemoteExcepti    o
n
    + FullyQualified 
   ErrorId : Native  
  CommandError
 
  One of the glob pat
terns doesn't match a
ny files. Please remo
ve or fix the followi
ng: {
  "globDirectory": "C
:\\Users\\Oyvin\\Docu
ments\\GitHub\\smart-
training-planner\\sma
rt-training-planner\\
dist",
  "globPattern": "**/
*.{js,css,html,ico,pn
g,svg}",
  "globIgnores": [
    "**/node_modules/
**/*",
    "sw.js",
    "workbox-*.js"
  ]
}
[39m
[31mx[39m Build fai
led in 6.89s
[31merror during bui
ld:
[31m[vite-plugin-pwa
:build] [plugin vite-
plugin-pwa:build] The
re was an error durin
g the build:
  [vite]: Rollup fail
ed to resolve import 
"react-hot-toast" fro
m "C:/Users/Oyvin/Doc
uments/GitHub/smart-t
raining-planner/smart
-training-planner/src
/App.jsx".
This is most likely u
nintended because it 
can break your applic
ation at runtime.
If you do want to ext
ernalize this module 
explicitly add it to
`build.rollupOptions.
external`
Additionally, handlin
g the error in the 'b
uildEnd' hook caused 
the following error:
  [vite]: Rollup fail
ed to resolve import 
"react-hot-toast" fro
m "C:/Users/Oyvin/Doc
uments/GitHub/smart-t
raining-planner/smart
-training-planner/src
/App.jsx".
This is most likely u
nintended because it 
can break your applic
ation at runtime.
If you do want to ext
ernalize this module 
explicitly add it to
`build.rollupOptions.
external`[31m
    at getRollupError
 (file:///C:/Users/Oy
vin/Documents/GitHub/
smart-training-planne
r/node_modules/rollup
/dist/es/shared/parse
Ast.js:401:41)
    at file:///C:/Use
rs/Oyvin/Documents/Gi
tHub/smart-training-p
lanner/node_modules/r
ollup/dist/es/shared/
node-entry.js:23463:3
9
    at async catchUnf
inishedHookActions (f
ile:///C:/Users/Oyvin
/Documents/GitHub/sma
rt-training-planner/n
ode_modules/rollup/di
st/es/shared/node-ent
ry.js:22921:16)
    at async rollupIn
ternal (file:///C:/Us
ers/Oyvin/Documents/G
itHub/smart-training-
planner/node_modules/
rollup/dist/es/shared
/node-entry.js:23446:
5)
    at async build (f
ile:///C:/Users/Oyvin
/Documents/GitHub/sma
rt-training-planner/n
ode_modules/vite/dist
/node/chunks/dep-BK3b
2jBa.js:65709:14)
    at async CAC.<ano
nymous> (file:///C:/U
sers/Oyvin/Documents/
GitHub/smart-training
-planner/node_modules
/vite/dist/node/cli.j
s:829:5)[39m
